
> Configure project :opencv
Configure OpenCV with Kotlin
OpenCV: 4.12.0 C:\study\Zetic\wifi_reader2\opencv\OpenCV-android-sdk\sdk\build.gradle

> Task :app:preBuild UP-TO-DATE
> Task :app:preDebugBuild UP-TO-DATE
> Task :app:dataBindingMergeDependencyArtifactsDebug UP-TO-DATE
> Task :app:generateDebugResValues UP-TO-DATE
> Task :app:generateDebugResources UP-TO-DATE
> Task :opencv:preBuild UP-TO-DATE
> Task :opencv:preDebugBuild UP-TO-DATE
> Task :opencv:generateDebugResValues UP-TO-DATE
> Task :opencv:generateDebugResources UP-TO-DATE
> Task :opencv:packageDebugResources UP-TO-DATE
> Task :app:mergeDebugResources UP-TO-DATE
> Task :app:packageDebugResources UP-TO-DATE
> Task :opencv:processDebugNavigationResources UP-TO-DATE
> Task :app:processDebugNavigationResources UP-TO-DATE
> Task :app:parseDebugLocalResources UP-TO-DATE
> Task :opencv:parseDebugLocalResources UP-TO-DATE
> Task :opencv:generateDebugRFile UP-TO-DATE
> Task :app:dataBindingGenBaseClassesDebug UP-TO-DATE
> Task :opencv:writeDebugAarMetadata UP-TO-DATE
> Task :app:checkDebugAarMetadata UP-TO-DATE
> Task :app:compileDebugNavigationResources UP-TO-DATE
> Task :app:mapDebugSourceSetPaths UP-TO-DATE
> Task :app:createDebugCompatibleScreenManifests UP-TO-DATE
> Task :app:extractDeepLinksDebug UP-TO-DATE
> Task :opencv:extractDeepLinksDebug UP-TO-DATE
> Task :opencv:processDebugManifest UP-TO-DATE
> Task :app:processDebugMainManifest UP-TO-DATE
> Task :app:processDebugManifest UP-TO-DATE
> Task :app:processDebugManifestForPackage UP-TO-DATE
> Task :opencv:compileDebugLibraryResources UP-TO-DATE
> Task :app:processDebugResources UP-TO-DATE
> Task :opencv:generateDebugBuildConfig UP-TO-DATE
> Task :opencv:compileDebugKotlin UP-TO-DATE
> Task :opencv:javaPreCompileDebug UP-TO-DATE
> Task :opencv:compileDebugJavaWithJavac UP-TO-DATE
> Task :opencv:bundleLibCompileToJarDebug UP-TO-DATE
> Task :app:compileDebugKotlin UP-TO-DATE
> Task :app:javaPreCompileDebug UP-TO-DATE
> Task :app:compileDebugJavaWithJavac UP-TO-DATE
> Task :app:bundleDebugClassesToCompileJar UP-TO-DATE
> Task :app:preDebugAndroidTestBuild SKIPPED
> Task :app:dataBindingMergeDependencyArtifactsDebugAndroidTest UP-TO-DATE
> Task :app:generateDebugAndroidTestResValues UP-TO-DATE
> Task :app:generateDebugAndroidTestResources UP-TO-DATE
> Task :app:mergeDebugAndroidTestResources UP-TO-DATE
> Task :app:dataBindingGenBaseClassesDebugAndroidTest UP-TO-DATE
> Task :app:checkDebugAndroidTestAarMetadata UP-TO-DATE
> Task :app:processDebugAndroidTestNavigationResources UP-TO-DATE
> Task :app:compileDebugAndroidTestNavigationResources UP-TO-DATE
> Task :app:mapDebugAndroidTestSourceSetPaths UP-TO-DATE
> Task :app:processDebugAndroidTestManifest UP-TO-DATE
> Task :app:processDebugAndroidTestResources UP-TO-DATE
> Task :app:javaPreCompileDebugAndroidTest UP-TO-DATE
> Task :app:mergeDebugShaders UP-TO-DATE
> Task :app:compileDebugShaders NO-SOURCE
> Task :app:generateDebugAssets UP-TO-DATE
> Task :opencv:mergeDebugShaders UP-TO-DATE
> Task :opencv:compileDebugShaders NO-SOURCE
> Task :opencv:generateDebugAssets UP-TO-DATE
> Task :opencv:mergeDebugAssets UP-TO-DATE
> Task :app:mergeDebugAssets UP-TO-DATE
> Task :app:compressDebugAssets UP-TO-DATE
> Task :app:processDebugJavaRes UP-TO-DATE
> Task :opencv:processDebugJavaRes UP-TO-DATE
> Task :app:mergeDebugJavaResource UP-TO-DATE
> Task :app:checkDebugDuplicateClasses UP-TO-DATE
> Task :app:desugarDebugFileDependencies UP-TO-DATE
> Task :app:mergeExtDexDebug UP-TO-DATE
> Task :opencv:bundleLibRuntimeToDirDebug UP-TO-DATE
> Task :app:dexBuilderDebug UP-TO-DATE
> Task :app:mergeLibDexDebug UP-TO-DATE
> Task :app:mergeProjectDexDebug UP-TO-DATE
> Task :app:mergeDebugJniLibFolders UP-TO-DATE
> Task :opencv:configureCMakeDebug[arm64-v8a]
> Task :opencv:buildCMakeDebug[arm64-v8a][opencv_jni_shared]
> Task :opencv:configureCMakeDebug[armeabi-v7a]
> Task :opencv:buildCMakeDebug[armeabi-v7a][opencv_jni_shared]
> Task :opencv:configureCMakeDebug[x86]
> Task :opencv:buildCMakeDebug[x86][opencv_jni_shared]
> Task :opencv:configureCMakeDebug[x86_64]
> Task :opencv:buildCMakeDebug[x86_64][opencv_jni_shared]
> Task :opencv:mergeDebugJniLibFolders UP-TO-DATE
> Task :opencv:mergeDebugNativeLibs UP-TO-DATE
> Task :opencv:copyDebugJniLibsProjectOnly UP-TO-DATE
> Task :app:mergeDebugNativeLibs UP-TO-DATE
> Task :app:stripDebugDebugSymbols UP-TO-DATE
> Task :app:validateSigningDebug UP-TO-DATE
> Task :app:writeDebugAppMetadata UP-TO-DATE
> Task :app:writeDebugSigningConfigVersions UP-TO-DATE
> Task :app:packageDebug UP-TO-DATE
> Task :app:createDebugApkListingFileRedirect UP-TO-DATE
> Task :app:mergeDebugAndroidTestShaders UP-TO-DATE
> Task :app:compileDebugAndroidTestShaders NO-SOURCE
> Task :app:generateDebugAndroidTestAssets UP-TO-DATE
> Task :app:mergeDebugAndroidTestAssets UP-TO-DATE
> Task :app:compressDebugAndroidTestAssets UP-TO-DATE
> Task :app:checkDebugAndroidTestDuplicateClasses UP-TO-DATE
> Task :app:desugarDebugAndroidTestFileDependencies UP-TO-DATE
> Task :app:mergeExtDexDebugAndroidTest UP-TO-DATE
> Task :app:mergeLibDexDebugAndroidTest UP-TO-DATE
> Task :app:mergeDebugAndroidTestJniLibFolders UP-TO-DATE
> Task :app:mergeDebugAndroidTestNativeLibs NO-SOURCE
> Task :app:stripDebugAndroidTestDebugSymbols NO-SOURCE
> Task :app:validateSigningDebugAndroidTest UP-TO-DATE
> Task :app:writeDebugAndroidTestSigningConfigVersions UP-TO-DATE
> Task :app:compileDebugAndroidTestKotlin
> Task :app:compileDebugAndroidTestJavaWithJavac NO-SOURCE
> Task :app:processDebugAndroidTestJavaRes UP-TO-DATE
> Task :app:mergeDebugAndroidTestJavaResource UP-TO-DATE
> Task :app:dexBuilderDebugAndroidTest
> Task :app:mergeProjectDexDebugAndroidTest
> Task :app:packageDebugAndroidTest
> Task :app:createDebugAndroidTestApkListingFileRedirect UP-TO-DATE
> Task :app:connectedDebugAndroidTest
Starting 26 tests on SM-S938N - 15

com.zetic.wifireader.TesseractOCRTest > testPerformance[SM-S938N - 15] [31mFAILED [0m
	java.lang.AssertionError: Should consistently detect text
	at org.junit.Assert.fail(Assert.java:89)

com.zetic.wifireader.TesseractOCRTest > testBoundingBoxExtraction[SM-S938N - 15] [31mFAILED [0m
	java.lang.AssertionError: Should detect text with bounding box
	at org.junit.Assert.fail(Assert.java:89)

com.zetic.wifireader.TesseractOCRTest > testWiFiCredentialText[SM-S938N - 15] [31mFAILED [0m
	java.lang.AssertionError: Should detect text regions
	at org.junit.Assert.fail(Assert.java:89)

com.zetic.wifireader.TesseractOCRTest > testSimpleTextRecognition[SM-S938N - 15] [31mFAILED [0m
	java.lang.AssertionError: Should detect at least one text region
	at org.junit.Assert.fail(Assert.java:89)

com.zetic.wifireader.TesseractOCRTest > testMultilingualSupport[SM-S938N - 15] [31mFAILED [0m
	java.lang.AssertionError: Should detect text for eng
	at org.junit.Assert.fail(Assert.java:89)

com.zetic.wifireader.TrOCROCRTest > testPerformance[SM-S938N - 15] [31mFAILED [0m
	java.lang.AssertionError: TrOCR should initialize
	at org.junit.Assert.fail(Assert.java:89)

com.zetic.wifireader.TrOCROCRTest > testBoundingBoxExtraction[SM-S938N - 15] [31mFAILED [0m
	java.lang.AssertionError: TrOCR should initialize
	at org.junit.Assert.fail(Assert.java:89)

com.zetic.wifireader.TrOCROCRTest > testWiFiCredentialText[SM-S938N - 15] [31mFAILED [0m
	java.lang.AssertionError: TrOCR should initialize
	at org.junit.Assert.fail(Assert.java:89)

com.zetic.wifireader.TrOCROCRTest > testSimpleTextRecognition[SM-S938N - 15] [31mFAILED [0m
	java.lang.AssertionError: TrOCR should initialize
	at org.junit.Assert.fail(Assert.java:89)

com.zetic.wifireader.TrOCROCRTest > testModelLoading[SM-S938N - 15] [31mFAILED [0m
	java.lang.AssertionError: TrOCR models should load successfully
	at org.junit.Assert.fail(Assert.java:89)

com.zetic.wifireader.TrOCROCRTest > testTrOCRInitialization[SM-S938N - 15] [31mFAILED [0m
	java.lang.AssertionError: TrOCR should initialize successfully
	at org.junit.Assert.fail(Assert.java:89)

SM-S938N - 15 Tests 26/26 completed. (0 skipped) (11 failed)
Finished 26 tests on SM-S938N - 15

> Task :app:connectedDebugAndroidTest
Tests on SM-S938N - 15 failed: There was 11 failure(s).

> Task :app:connectedDebugAndroidTest FAILED

[Incubating] Problems report is available at: file:///C:/study/Zetic/wifi_reader2/build/reports/problems/problems-report.html

Deprecated Gradle features were used in this build, making it incompatible with Gradle 9.0.

You can use '--warning-mode all' to show the individual deprecation warnings and determine if they come from your own scripts or plugins.

For more on this, please refer to https://docs.gradle.org/8.13/userguide/command_line_interface.html#sec:command_line_warnings in the Gradle documentation.
100 actionable tasks: 13 executed, 87 up-to-date
